[1] "2022-03-31 19:25:40 CST"
[1] "Input : bias_allchroms_nonzeros.txt"

Family: poisson 
Link function: log 

Formula:
rowsum ~ s(gcper) + s(mapscore) + s(cutSitesNumber)

Parametric coefficients:
             Estimate Std. Error z value Pr(>|z|)    
(Intercept) -1.049348   0.007092    -148   <2e-16 ***
---
Signif. codes:  0 ‘***’ 0.001 ‘**’ 0.01 ‘*’ 0.05 ‘.’ 0.1 ‘ ’ 1

Approximate significance of smooth terms:
                    edf Ref.df Chi.sq p-value    
s(gcper)          5.245  6.421 53.583  <2e-16 ***
s(mapscore)       1.006  1.011  3.775  0.0531 .  
s(cutSitesNumber) 1.004  1.009  0.000  0.9962    
---
Signif. codes:  0 ‘***’ 0.001 ‘**’ 0.01 ‘*’ 0.05 ‘.’ 0.1 ‘ ’ 1

R-sq.(adj) =  0.0165   Deviance explained = 2.74%
UBRE = -0.95454  Scale est. = 1         n = 56859
