[1] "2022-03-26 22:16:10 CST"
[1] "Input : bias_allchroms_nonzeros.txt"

Family: poisson 
Link function: log 

Formula:
rowsum ~ s(gcper) + s(mapscore) + s(cutSitesNumber)

Parametric coefficients:
             Estimate Std. Error z value Pr(>|z|)    
(Intercept) 1.019e+01  2.672e-05  381484   <2e-16 ***
---
Signif. codes:  0 ‘***’ 0.001 ‘**’ 0.01 ‘*’ 0.05 ‘.’ 0.1 ‘ ’ 1

Approximate significance of smooth terms:
                    edf Ref.df    Chi.sq p-value    
s(gcper)          8.908  8.997 143905455  <2e-16 ***
s(mapscore)       9.000  9.000  20257267  <2e-16 ***
s(cutSitesNumber) 8.897  8.994   1139422  <2e-16 ***
---
Signif. codes:  0 ‘***’ 0.001 ‘**’ 0.01 ‘*’ 0.05 ‘.’ 0.1 ‘ ’ 1

R-sq.(adj) =  0.322   Deviance explained = 44.9%
UBRE =   4985  Scale est. = 1         n = 56969
[1] "2022-03-30 12:30:47 CST"
[1] "Input : bias_allchroms_nonzeros.txt"

Family: poisson 
Link function: log 

Formula:
rowsum ~ s(gcper) + s(mapscore) + s(cutSitesNumber)

Parametric coefficients:
             Estimate Std. Error z value Pr(>|z|)    
(Intercept) 1.018e+01  2.698e-05  377513   <2e-16 ***
---
Signif. codes:  0 ‘***’ 0.001 ‘**’ 0.01 ‘*’ 0.05 ‘.’ 0.1 ‘ ’ 1

Approximate significance of smooth terms:
                    edf Ref.df   Chi.sq p-value    
s(gcper)          8.953  8.999 91219132  <2e-16 ***
s(mapscore)       8.995  9.000 21601492  <2e-16 ***
s(cutSitesNumber) 8.990  9.000 42952079  <2e-16 ***
---
Signif. codes:  0 ‘***’ 0.001 ‘**’ 0.01 ‘*’ 0.05 ‘.’ 0.1 ‘ ’ 1

R-sq.(adj) =  0.365   Deviance explained = 51.5%
UBRE = 4391.4  Scale est. = 1         n = 56969
