[1] "2022-03-28 21:37:59 CST"
[1] "Input : bias_with_intra_rowsum_allchroms_nonzeros.txt"

Family: poisson 
Link function: log 

Formula:
rowsum ~ s(gcper) + s(mapscore) + s(cutSitesNumber)

Parametric coefficients:
             Estimate Std. Error z value Pr(>|z|)    
(Intercept) 9.888e+00  3.148e-05  314086   <2e-16 ***
---
Signif. codes:  0 ‘***’ 0.001 ‘**’ 0.01 ‘*’ 0.05 ‘.’ 0.1 ‘ ’ 1

Approximate significance of smooth terms:
                    edf Ref.df    Chi.sq p-value    
s(gcper)          8.926  8.998 101480221  <2e-16 ***
s(mapscore)       8.991  9.000  17695462  <2e-16 ***
s(cutSitesNumber) 8.978  9.000    558669  <2e-16 ***
---
Signif. codes:  0 ‘***’ 0.001 ‘**’ 0.01 ‘*’ 0.05 ‘.’ 0.1 ‘ ’ 1

R-sq.(adj) =  0.429   Deviance explained = 47.9%
UBRE =   3217  Scale est. = 1         n = 56924
