[1] "2022-03-28 21:42:37 CST"
[1] "Input : bias_with_intra_control_allchroms_nonzeros.txt"

Family: poisson 
Link function: log 

Formula:
rowsum ~ s(gcper) + s(mapscore) + s(cutSitesNumber)

Parametric coefficients:
             Estimate Std. Error z value Pr(>|z|)    
(Intercept) 9.888e+00  3.149e-05  314047   <2e-16 ***
---
Signif. codes:  0 ‘***’ 0.001 ‘**’ 0.01 ‘*’ 0.05 ‘.’ 0.1 ‘ ’ 1

Approximate significance of smooth terms:
                    edf Ref.df    Chi.sq p-value    
s(gcper)          8.932  8.998 101580936  <2e-16 ***
s(mapscore)       8.997  9.000  17645703  <2e-16 ***
s(cutSitesNumber) 8.978  9.000    553582  <2e-16 ***
---
Signif. codes:  0 ‘***’ 0.001 ‘**’ 0.01 ‘*’ 0.05 ‘.’ 0.1 ‘ ’ 1

R-sq.(adj) =  0.429   Deviance explained = 47.9%
UBRE = 3214.8  Scale est. = 1         n = 56898
[1] "2022-03-29 12:57:05 CST"
[1] "Input : bias_with_intra_control_allchroms_nonzeros.txt"

Family: poisson 
Link function: log 

Formula:
rowsum ~ s(control) + s(gcper) + s(mapscore) + s(cutSitesNumber)

Parametric coefficients:
             Estimate Std. Error z value Pr(>|z|)    
(Intercept) 9.849e+00  3.414e-05  288492   <2e-16 ***
---
Signif. codes:  0 ‘***’ 0.001 ‘**’ 0.01 ‘*’ 0.05 ‘.’ 0.1 ‘ ’ 1

Approximate significance of smooth terms:
                    edf Ref.df   Chi.sq p-value    
s(control)        8.983  9.000 66481530  <2e-16 ***
s(gcper)          8.917  8.997  3885530  <2e-16 ***
s(mapscore)       8.978  9.000   230439  <2e-16 ***
s(cutSitesNumber) 8.926  8.997    30075  <2e-16 ***
---
Signif. codes:  0 ‘***’ 0.001 ‘**’ 0.01 ‘*’ 0.05 ‘.’ 0.1 ‘ ’ 1

R-sq.(adj) =  0.602   Deviance explained = 66.7%
UBRE = 2057.8  Scale est. = 1         n = 56898
